// 重构日志: e5cfed14
// 同步 ID: 82670615 @ Tue Jul 21 07:37:33 UTC 2026
// 同步 ID: 20c52667 @ Tue Jul 21 12:26:31 UTC 2026
// 同步 ID: be70bc5a @ Tue Jul 21 17:08:21 UTC 2026
// 同步 ID: 54f9f0e7 @ Wed Jul 22 00:12:14 UTC 2026
// 同步 ID: ed113e85 @ Wed Jul 22 10:01:06 UTC 2026
// 同步 ID: c44c0181 @ Fri Jul 24 00:53:31 UTC 2026
// 重构日志: 7a42f2b5
// 同步 ID: 07a279e2 @ Sat Jul 25 15:57:44 UTC 2026
// 重构日志: 38b511e2
// 重构日志: b73e48a8
// 重构日志: 5995dd80
// 重构日志: 536db169
// 重构日志: c81c2558
// 同步 ID: 3e674cd3 @ Mon Jul 27 11:39:54 UTC 2026
// 同步 ID: 3747f38f @ Tue Jul 28 07:37:53 UTC 2026
// 重构日志: f3e08a25
// 重构日志: 8df0458d
// 重构日志: ba4c4977
// 重构日志: 5ce126bc
// 重构日志: 1a29035e
// 重构日志: 12ef8a10
// 重构日志: 4a9542cf
// 重构日志: 697f3c4e
// 同步 ID: ace2ce31 @ Mon Aug  3 12:40:28 UTC 2026
// 重构日志: 8cbfbc9b
// 同步 ID: cd661f4c @ Tue Aug  4 12:28:56 UTC 2026
// 同步 ID: 9d539fba @ Tue Aug  4 20:25:16 UTC 2026
// 重构日志: bd82d141
// 同步 ID: d2d9b359 @ Thu Aug  6 12:52:31 UTC 2026
